Spring_Initializr_link
https://start.spring.io/#!type=maven-project&language=java&platformVersion=2.1.9.RELEASE&packaging=war&jvmVersion=1.8&groupId=com.badminton&artifactId=club&name=club&description=Demo%20project%20for%20Spring%20Boot&packageName=com.badminton.club&dependencies=devtools,thymeleaf,web,data-jpa,mysql


打包指令
$ cd /Users/xujiaqi/java_web/other/club
$ ./mvnw package

(若Spring Boot下無法加載主類 org.apache.maven.wrapper.MavenWrapperMain
$ mvn -N io.takari:maven:wrapper)


啟動指令
$ cd /Users/xujiaqi/java_web/other/club
$ ./mvnw spring-boot:run


eclipse自動建立entity
https://blog.csdn.net/EightSwords/article/details/79022305


Querydsl-JPA學習
https://juejin.im/post/5d5cad3d518825168e6a0d3d


Spring boot Https
https://my.oschina.net/wangnian/blog/761652



linux安裝java
1.官網安裝jdk-8u202-linux-x64.tar.gz
2.FileZilla傳至/usr/java
(若無權限，sudo chmod a+rwx /usr)
3.解壓縮tar zxvf jdk-8u202-linux-x64.tar.gz 
4.vim /etc/profile
(若readOnly，sudo chmod a+rwx /etc/profile)

貼上：

#set java environment
export JAVA_HOME=/usr/java/jdk1.8.0_202
export JRE_HOME=$JAVA_HOME/jre
export CLASSPATH=$JAVA_HOME/lib:$CLASSPATH
export PATH=$JAVA_HOME/bin:$JRE_HOME/bin:$PATH

5.修改生效
source /etc/profile

6.java -version

7.spring boot部署
https://blog.csdn.net/DoUUnderstand/article/details/79818447
jar打包：
https://matthung0807.blogspot.com/2019/02/springbootspring-bootjar.html
(配置檔案放到外部：
https://codertw.com/%E7%A8%8B%E5%BC%8F%E8%AA%9E%E8%A8%80/298083/)

8.mysql
https://andy6804tw.github.io/2019/01/29/ubuntu-mysql-setting/

****.linux語系
安裝：sudo apt install --reinstall locales
 sudo apt-get install locale-gen
http://perrywu0606.pixnet.net/blog/post/17190109

****.root帳密
https://www.ewdna.com/2012/06/ubuntu-root.html


linux安裝docker
https://blog.gtwang.org/virtualization/ubuntu-linux-install-docker-tutorial/
http://andy51002000.blogspot.com/2019/02/docker-permission-denied.html

Gcp linux ssh
https://www.youtube.com/watch?v=2ibBF9YqveY
http://blog.maxkit.com.tw/2017/04/linux-mac-ssh-gcp.html
若有錯誤：
https://ithelp.ithome.com.tw/articles/10083004

Gcp linux filezilla
https://digital-transformation.media/google-cloud-platform/gce-linux-sftp-setting/

linux台灣時區
sudo apt-get install tzdata